Terminals unused in grammar

    RESERVED
    INC
    DEC
    ARROW


State 22 conflicts: 1 shift/reduce


Grammar

    0 $accept: program $end

    1 program: CLASS IDENTIFIER LBRACE class_body RBRACE

    2 class_body: ε
    3           | class_body field_decl
    4           | class_body method_decl
    5           | class_body SEMICOLON
    6           | class_body error SEMICOLON

    7 field_decl: PUBLIC STATIC type field_ids SEMICOLON

    8 field_ids: IDENTIFIER
    9          | field_ids COMMA IDENTIFIER

   10 method_decl: PUBLIC STATIC method_header method_body
   11            | PUBLIC STATIC type IDENTIFIER LPAR error RPAR method_body
   12            | PUBLIC STATIC VOID IDENTIFIER LPAR error RPAR method_body

   13 method_header: type IDENTIFIER LPAR formal_params RPAR
   14              | VOID IDENTIFIER LPAR formal_params RPAR

   15 formal_params: ε
   16              | param_list

   17 param_list: param_decl
   18           | param_list COMMA param_decl

   19 param_decl: type IDENTIFIER
   20           | STRING LSQ RSQ IDENTIFIER

   21 method_body: LBRACE method_body_items RBRACE
   22            | LBRACE error RBRACE

   23 method_body_items: ε
   24                  | method_body_items var_decl
   25                  | method_body_items stmt

   26 var_decl: type var_ids SEMICOLON

   27 var_ids: IDENTIFIER
   28        | var_ids COMMA IDENTIFIER

   29 stmt: LBRACE stmt_list RBRACE
   30     | IF LPAR expr RPAR stmt
   31     | IF LPAR expr RPAR stmt ELSE stmt
   32     | IF LPAR expr error stmt
   33     | IF LPAR expr error stmt ELSE stmt
   34     | WHILE LPAR expr RPAR stmt
   35     | RETURN expr SEMICOLON
   36     | RETURN SEMICOLON
   37     | IDENTIFIER ASSIGN expr SEMICOLON
   38     | PRINT LPAR expr RPAR SEMICOLON
   39     | PRINT LPAR STRLIT RPAR SEMICOLON
   40     | method_invocation SEMICOLON
   41     | parse_args SEMICOLON
   42     | SEMICOLON
   43     | error SEMICOLON

   44 stmt_list: ε
   45          | stmt_list stmt

   46 expr: assign_expr

   47 assign_expr: IDENTIFIER ASSIGN assign_expr
   48            | or_expr

   49 or_expr: or_expr OR and_expr
   50        | and_expr

   51 and_expr: and_expr AND xor_expr
   52         | xor_expr

   53 xor_expr: xor_expr XOR eq_expr
   54         | eq_expr

   55 eq_expr: eq_expr EQ rel_expr
   56        | eq_expr NE rel_expr
   57        | rel_expr

   58 rel_expr: rel_expr LT shift_expr
   59         | rel_expr GT shift_expr
   60         | rel_expr LE shift_expr
   61         | rel_expr GE shift_expr
   62         | shift_expr

   63 shift_expr: shift_expr LSHIFT add_expr
   64           | shift_expr RSHIFT add_expr
   65           | add_expr

   66 add_expr: add_expr PLUS mul_expr
   67         | add_expr MINUS mul_expr
   68         | mul_expr

   69 mul_expr: mul_expr STAR unary_expr
   70         | mul_expr DIV unary_expr
   71         | mul_expr MOD unary_expr
   72         | unary_expr

   73 unary_expr: NOT unary_expr
   74           | MINUS unary_expr
   75           | PLUS unary_expr
   76           | primary_expr

   77 primary_expr: IDENTIFIER
   78             | IDENTIFIER DOTLENGTH
   79             | NATURAL
   80             | DECIMAL
   81             | BOOLLIT
   82             | method_invocation
   83             | parse_args
   84             | LPAR expr RPAR
   85             | LPAR error RPAR

   86 method_invocation: IDENTIFIER LPAR args_opt RPAR
   87                  | IDENTIFIER LPAR error RPAR

   88 args_opt: ε
   89         | expr_list

   90 expr_list: expr
   91          | expr_list COMMA expr

   92 parse_args: PARSEINT LPAR IDENTIFIER LSQ expr RSQ RPAR

   93 type: INT
   94     | DOUBLE
   95     | BOOL


Terminals, with rules where they appear

    $end (0) 0
    error (256) 6 11 12 22 32 33 43 85 87
    IDENTIFIER <lexeme> (258) 1 8 9 11 12 13 14 19 20 27 28 37 47 77 78 86 87 92
    NATURAL <lexeme> (259) 79
    DECIMAL <lexeme> (260) 80
    STRLIT <lexeme> (261) 39
    BOOLLIT <lexeme> (262) 81
    CLASS (263) 1
    PUBLIC (264) 7 10 11 12
    STATIC (265) 7 10 11 12
    RESERVED (266)
    BOOL (267) 95
    INT (268) 93
    DOUBLE (269) 94
    VOID (270) 12 14
    STRING (271) 20
    IF (272) 30 31 32 33
    ELSE (273) 31 33
    WHILE (274) 34
    RETURN (275) 35 36
    PRINT (276) 38 39
    PARSEINT (277) 92
    DOTLENGTH (278) 78
    INC (279)
    DEC (280)
    ARROW (281)
    ASSIGN (282) 37 47
    PLUS (283) 66 75
    MINUS (284) 67 74
    STAR (285) 69
    DIV (286) 70
    MOD (287) 71
    AND (288) 51
    OR (289) 49
    XOR (290) 53
    LSHIFT (291) 63
    RSHIFT (292) 64
    EQ (293) 55
    NE (294) 56
    LT (295) 58
    GT (296) 59
    LE (297) 60
    GE (298) 61
    NOT (299) 73
    LPAR (300) 11 12 13 14 30 31 32 33 34 38 39 84 85 86 87 92
    RPAR (301) 11 12 13 14 30 31 34 38 39 84 85 86 87 92
    LBRACE (302) 1 21 22 29
    RBRACE (303) 1 21 22 29
    LSQ (304) 20 92
    RSQ (305) 20 92
    SEMICOLON (306) 5 6 7 26 35 36 37 38 39 40 41 42 43
    COMMA (307) 9 18 28 91
    LOWER_THAN_ELSE (308)


Nonterminals, with rules where they appear

    $accept (54)
        on left: 0
    program <node> (55)
        on left: 1
        on right: 0
    class_body <node> (56)
        on left: 2 3 4 5 6
        on right: 1 3 4 5 6
    field_decl <node> (57)
        on left: 7
        on right: 3
    field_ids <node> (58)
        on left: 8 9
        on right: 7 9
    method_decl <node> (59)
        on left: 10 11 12
        on right: 4
    method_header <node> (60)
        on left: 13 14
        on right: 10
    formal_params <node> (61)
        on left: 15 16
        on right: 13 14
    param_list <node> (62)
        on left: 17 18
        on right: 16 18
    param_decl <node> (63)
        on left: 19 20
        on right: 17 18
    method_body <node> (64)
        on left: 21 22
        on right: 10 11 12
    method_body_items <node> (65)
        on left: 23 24 25
        on right: 21 24 25
    var_decl <node> (66)
        on left: 26
        on right: 24
    var_ids <node> (67)
        on left: 27 28
        on right: 26 28
    stmt <node> (68)
        on left: 29 30 31 32 33 34 35 36 37 38 39 40 41 42 43
        on right: 25 30 31 32 33 34 45
    stmt_list <node> (69)
        on left: 44 45
        on right: 29 45
    expr <node> (70)
        on left: 46
        on right: 30 31 32 33 34 35 37 38 84 90 91 92
    assign_expr <node> (71)
        on left: 47 48
        on right: 46 47
    or_expr <node> (72)
        on left: 49 50
        on right: 48 49
    and_expr <node> (73)
        on left: 51 52
        on right: 49 50 51
    xor_expr <node> (74)
        on left: 53 54
        on right: 51 52 53
    eq_expr <node> (75)
        on left: 55 56 57
        on right: 53 54 55 56
    rel_expr <node> (76)
        on left: 58 59 60 61 62
        on right: 55 56 57 58 59 60 61
    shift_expr <node> (77)
        on left: 63 64 65
        on right: 58 59 60 61 62 63 64
    add_expr <node> (78)
        on left: 66 67 68
        on right: 63 64 65 66 67
    mul_expr <node> (79)
        on left: 69 70 71 72
        on right: 66 67 68 69 70 71
    unary_expr <node> (80)
        on left: 73 74 75 76
        on right: 69 70 71 72 73 74 75
    primary_expr <node> (81)
        on left: 77 78 79 80 81 82 83 84 85
        on right: 76
    method_invocation <node> (82)
        on left: 86 87
        on right: 40 82
    args_opt <node> (83)
        on left: 88 89
        on right: 86
    expr_list <node> (84)
        on left: 90 91
        on right: 89 91
    parse_args <node> (85)
        on left: 92
        on right: 41 83
    type <node> (86)
        on left: 93 94 95
        on right: 7 11 13 19 26


State 0

    0 $accept: • program $end

    CLASS  shift, and go to state 1

    program  go to state 2


State 1

    1 program: CLASS • IDENTIFIER LBRACE class_body RBRACE

    IDENTIFIER  shift, and go to state 3


State 2

    0 $accept: program • $end

    $end  shift, and go to state 4


State 3

    1 program: CLASS IDENTIFIER • LBRACE class_body RBRACE

    LBRACE  shift, and go to state 5


State 4

    0 $accept: program $end •

    $default  accept


State 5

    1 program: CLASS IDENTIFIER LBRACE • class_body RBRACE

    $default  reduce using rule 2 (class_body)

    class_body  go to state 6


State 6

    1 program: CLASS IDENTIFIER LBRACE class_body • RBRACE
    3 class_body: class_body • field_decl
    4           | class_body • method_decl
    5           | class_body • SEMICOLON
    6           | class_body • error SEMICOLON

    error      shift, and go to state 7
    PUBLIC     shift, and go to state 8
    RBRACE     shift, and go to state 9
    SEMICOLON  shift, and go to state 10

    field_decl   go to state 11
    method_decl  go to state 12


State 7

    6 class_body: class_body error • SEMICOLON

    SEMICOLON  shift, and go to state 13


State 8

    7 field_decl: PUBLIC • STATIC type field_ids SEMICOLON
   10 method_decl: PUBLIC • STATIC method_header method_body
   11            | PUBLIC • STATIC type IDENTIFIER LPAR error RPAR method_body
   12            | PUBLIC • STATIC VOID IDENTIFIER LPAR error RPAR method_body

    STATIC  shift, and go to state 14


State 9

    1 program: CLASS IDENTIFIER LBRACE class_body RBRACE •

    $default  reduce using rule 1 (program)


State 10

    5 class_body: class_body SEMICOLON •

    $default  reduce using rule 5 (class_body)


State 11

    3 class_body: class_body field_decl •

    $default  reduce using rule 3 (class_body)


State 12

    4 class_body: class_body method_decl •

    $default  reduce using rule 4 (class_body)


State 13

    6 class_body: class_body error SEMICOLON •

    $default  reduce using rule 6 (class_body)


State 14

    7 field_decl: PUBLIC STATIC • type field_ids SEMICOLON
   10 method_decl: PUBLIC STATIC • method_header method_body
   11            | PUBLIC STATIC • type IDENTIFIER LPAR error RPAR method_body
   12            | PUBLIC STATIC • VOID IDENTIFIER LPAR error RPAR method_body

    BOOL    shift, and go to state 15
    INT     shift, and go to state 16
    DOUBLE  shift, and go to state 17
    VOID    shift, and go to state 18

    method_header  go to state 19
    type           go to state 20


State 15

   95 type: BOOL •

    $default  reduce using rule 95 (type)


State 16

   93 type: INT •

    $default  reduce using rule 93 (type)


State 17

   94 type: DOUBLE •

    $default  reduce using rule 94 (type)


State 18

   12 method_decl: PUBLIC STATIC VOID • IDENTIFIER LPAR error RPAR method_body
   14 method_header: VOID • IDENTIFIER LPAR formal_params RPAR

    IDENTIFIER  shift, and go to state 21


State 19

   10 method_decl: PUBLIC STATIC method_header • method_body

    LBRACE  shift, and go to state 22

    method_body  go to state 23


State 20

    7 field_decl: PUBLIC STATIC type • field_ids SEMICOLON
   11 method_decl: PUBLIC STATIC type • IDENTIFIER LPAR error RPAR method_body
   13 method_header: type • IDENTIFIER LPAR formal_params RPAR

    IDENTIFIER  shift, and go to state 24

    field_ids  go to state 25


State 21

   12 method_decl: PUBLIC STATIC VOID IDENTIFIER • LPAR error RPAR method_body
   14 method_header: VOID IDENTIFIER • LPAR formal_params RPAR

    LPAR  shift, and go to state 26


State 22

   21 method_body: LBRACE • method_body_items RBRACE
   22            | LBRACE • error RBRACE

    error  shift, and go to state 27

    error       [reduce using rule 23 (method_body_items)]
    IDENTIFIER  reduce using rule 23 (method_body_items)
    BOOL        reduce using rule 23 (method_body_items)
    INT         reduce using rule 23 (method_body_items)
    DOUBLE      reduce using rule 23 (method_body_items)
    IF          reduce using rule 23 (method_body_items)
    WHILE       reduce using rule 23 (method_body_items)
    RETURN      reduce using rule 23 (method_body_items)
    PRINT       reduce using rule 23 (method_body_items)
    PARSEINT    reduce using rule 23 (method_body_items)
    LBRACE      reduce using rule 23 (method_body_items)
    RBRACE      reduce using rule 23 (method_body_items)
    SEMICOLON   reduce using rule 23 (method_body_items)

    method_body_items  go to state 28

    shift/reduce conflict on token error:
       23 method_body_items: ε •
       22 method_body: LBRACE • error RBRACE
      First example: CLASS IDENTIFIER LBRACE PUBLIC STATIC method_header LBRACE • error RBRACE method_decl RBRACE $end
      Shift derivation
        $accept
        ↳ 0: program                                                                                                            $end
             ↳ 1: CLASS IDENTIFIER LBRACE class_body                                                                     RBRACE
                                          ↳ 4: method_decl                                                   method_decl
                                               ↳ 10: PUBLIC STATIC method_header method_body
                                                                                 ↳ 22: LBRACE • error RBRACE
      Second example: CLASS IDENTIFIER LBRACE class_body PUBLIC STATIC method_header LBRACE • error SEMICOLON RBRACE RBRACE $end
      Reduce derivation
        $accept
        ↳ 0: program                                                                                                                                                 $end
             ↳ 1: CLASS IDENTIFIER LBRACE class_body                                                                                                          RBRACE
                                          ↳ 4: class_body method_decl
                                                          ↳ 10: PUBLIC STATIC method_header method_body
                                                                                            ↳ 21: LBRACE method_body_items                             RBRACE
                                                                                                         ↳ 25: method_body_items stmt
                                                                                                               ↳ 23: ε •         ↳ 43: error SEMICOLON



State 23

   10 method_decl: PUBLIC STATIC method_header method_body •

    $default  reduce using rule 10 (method_decl)


State 24

    8 field_ids: IDENTIFIER •
   11 method_decl: PUBLIC STATIC type IDENTIFIER • LPAR error RPAR method_body
   13 method_header: type IDENTIFIER • LPAR formal_params RPAR

    LPAR  shift, and go to state 29

    $default  reduce using rule 8 (field_ids)


State 25

    7 field_decl: PUBLIC STATIC type field_ids • SEMICOLON
    9 field_ids: field_ids • COMMA IDENTIFIER

    SEMICOLON  shift, and go to state 30
    COMMA      shift, and go to state 31


State 26

   12 method_decl: PUBLIC STATIC VOID IDENTIFIER LPAR • error RPAR method_body
   14 method_header: VOID IDENTIFIER LPAR • formal_params RPAR

    error   shift, and go to state 32
    BOOL    shift, and go to state 15
    INT     shift, and go to state 16
    DOUBLE  shift, and go to state 17
    STRING  shift, and go to state 33

    RPAR  reduce using rule 15 (formal_params)

    formal_params  go to state 34
    param_list     go to state 35
    param_decl     go to state 36
    type           go to state 37


State 27

   22 method_body: LBRACE error • RBRACE

    RBRACE  shift, and go to state 38


State 28

   21 method_body: LBRACE method_body_items • RBRACE
   24 method_body_items: method_body_items • var_decl
   25                  | method_body_items • stmt

    error       shift, and go to state 39
    IDENTIFIER  shift, and go to state 40
    BOOL        shift, and go to state 15
    INT         shift, and go to state 16
    DOUBLE      shift, and go to state 17
    IF          shift, and go to state 41
    WHILE       shift, and go to state 42
    RETURN      shift, and go to state 43
    PRINT       shift, and go to state 44
    PARSEINT    shift, and go to state 45
    LBRACE      shift, and go to state 46
    RBRACE      shift, and go to state 47
    SEMICOLON   shift, and go to state 48

    var_decl           go to state 49
    stmt               go to state 50
    method_invocation  go to state 51
    parse_args         go to state 52
    type               go to state 53


State 29

   11 method_decl: PUBLIC STATIC type IDENTIFIER LPAR • error RPAR method_body
   13 method_header: type IDENTIFIER LPAR • formal_params RPAR

    error   shift, and go to state 54
    BOOL    shift, and go to state 15
    INT     shift, and go to state 16
    DOUBLE  shift, and go to state 17
    STRING  shift, and go to state 33

    RPAR  reduce using rule 15 (formal_params)

    formal_params  go to state 55
    param_list     go to state 35
    param_decl     go to state 36
    type           go to state 37


State 30

    7 field_decl: PUBLIC STATIC type field_ids SEMICOLON •

    $default  reduce using rule 7 (field_decl)


State 31

    9 field_ids: field_ids COMMA • IDENTIFIER

    IDENTIFIER  shift, and go to state 56


State 32

   12 method_decl: PUBLIC STATIC VOID IDENTIFIER LPAR error • RPAR method_body

    RPAR  shift, and go to state 57


State 33

   20 param_decl: STRING • LSQ RSQ IDENTIFIER

    LSQ  shift, and go to state 58


State 34

   14 method_header: VOID IDENTIFIER LPAR formal_params • RPAR

    RPAR  shift, and go to state 59


State 35

   16 formal_params: param_list •
   18 param_list: param_list • COMMA param_decl

    COMMA  shift, and go to state 60

    $default  reduce using rule 16 (formal_params)


State 36

   17 param_list: param_decl •

    $default  reduce using rule 17 (param_list)


State 37

   19 param_decl: type • IDENTIFIER

    IDENTIFIER  shift, and go to state 61


State 38

   22 method_body: LBRACE error RBRACE •

    $default  reduce using rule 22 (method_body)


State 39

   43 stmt: error • SEMICOLON

    SEMICOLON  shift, and go to state 62


State 40

   37 stmt: IDENTIFIER • ASSIGN expr SEMICOLON
   86 method_invocation: IDENTIFIER • LPAR args_opt RPAR
   87                  | IDENTIFIER • LPAR error RPAR

    ASSIGN  shift, and go to state 63
    LPAR    shift, and go to state 64


State 41

   30 stmt: IF • LPAR expr RPAR stmt
   31     | IF • LPAR expr RPAR stmt ELSE stmt
   32     | IF • LPAR expr error stmt
   33     | IF • LPAR expr error stmt ELSE stmt

    LPAR  shift, and go to state 65


State 42

   34 stmt: WHILE • LPAR expr RPAR stmt

    LPAR  shift, and go to state 66


State 43

   35 stmt: RETURN • expr SEMICOLON
   36     | RETURN • SEMICOLON

    IDENTIFIER  shift, and go to state 67
    NATURAL     shift, and go to state 68
    DECIMAL     shift, and go to state 69
    BOOLLIT     shift, and go to state 70
    PARSEINT    shift, and go to state 45
    PLUS        shift, and go to state 71
    MINUS       shift, and go to state 72
    NOT         shift, and go to state 73
    LPAR        shift, and go to state 74
    SEMICOLON   shift, and go to state 75

    expr               go to state 76
    assign_expr        go to state 77
    or_expr            go to state 78
    and_expr           go to state 79
    xor_expr           go to state 80
    eq_expr            go to state 81
    rel_expr           go to state 82
    shift_expr         go to state 83
    add_expr           go to state 84
    mul_expr           go to state 85
    unary_expr         go to state 86
    primary_expr       go to state 87
    method_invocation  go to state 88
    parse_args         go to state 89


State 44

   38 stmt: PRINT • LPAR expr RPAR SEMICOLON
   39     | PRINT • LPAR STRLIT RPAR SEMICOLON

    LPAR  shift, and go to state 90


State 45

   92 parse_args: PARSEINT • LPAR IDENTIFIER LSQ expr RSQ RPAR

    LPAR  shift, and go to state 91


State 46

   29 stmt: LBRACE • stmt_list RBRACE

    $default  reduce using rule 44 (stmt_list)

    stmt_list  go to state 92


State 47

   21 method_body: LBRACE method_body_items RBRACE •

    $default  reduce using rule 21 (method_body)


State 48

   42 stmt: SEMICOLON •

    $default  reduce using rule 42 (stmt)


State 49

   24 method_body_items: method_body_items var_decl •

    $default  reduce using rule 24 (method_body_items)


State 50

   25 method_body_items: method_body_items stmt •

    $default  reduce using rule 25 (method_body_items)


State 51

   40 stmt: method_invocation • SEMICOLON

    SEMICOLON  shift, and go to state 93


State 52

   41 stmt: parse_args • SEMICOLON

    SEMICOLON  shift, and go to state 94


State 53

   26 var_decl: type • var_ids SEMICOLON

    IDENTIFIER  shift, and go to state 95

    var_ids  go to state 96


State 54

   11 method_decl: PUBLIC STATIC type IDENTIFIER LPAR error • RPAR method_body

    RPAR  shift, and go to state 97


State 55

   13 method_header: type IDENTIFIER LPAR formal_params • RPAR

    RPAR  shift, and go to state 98


State 56

    9 field_ids: field_ids COMMA IDENTIFIER •

    $default  reduce using rule 9 (field_ids)


State 57

   12 method_decl: PUBLIC STATIC VOID IDENTIFIER LPAR error RPAR • method_body

    LBRACE  shift, and go to state 22

    method_body  go to state 99


State 58

   20 param_decl: STRING LSQ • RSQ IDENTIFIER

    RSQ  shift, and go to state 100


State 59

   14 method_header: VOID IDENTIFIER LPAR formal_params RPAR •

    $default  reduce using rule 14 (method_header)


State 60

   18 param_list: param_list COMMA • param_decl

    BOOL    shift, and go to state 15
    INT     shift, and go to state 16
    DOUBLE  shift, and go to state 17
    STRING  shift, and go to state 33

    param_decl  go to state 101
    type        go to state 37


State 61

   19 param_decl: type IDENTIFIER •

    $default  reduce using rule 19 (param_decl)


State 62

   43 stmt: error SEMICOLON •

    $default  reduce using rule 43 (stmt)


State 63

   37 stmt: IDENTIFIER ASSIGN • expr SEMICOLON

    IDENTIFIER  shift, and go to state 67
    NATURAL     shift, and go to state 68
    DECIMAL     shift, and go to state 69
    BOOLLIT     shift, and go to state 70
    PARSEINT    shift, and go to state 45
    PLUS        shift, and go to state 71
    MINUS       shift, and go to state 72
    NOT         shift, and go to state 73
    LPAR        shift, and go to state 74

    expr               go to state 102
    assign_expr        go to state 77
    or_expr            go to state 78
    and_expr           go to state 79
    xor_expr           go to state 80
    eq_expr            go to state 81
    rel_expr           go to state 82
    shift_expr         go to state 83
    add_expr           go to state 84
    mul_expr           go to state 85
    unary_expr         go to state 86
    primary_expr       go to state 87
    method_invocation  go to state 88
    parse_args         go to state 89


State 64

   86 method_invocation: IDENTIFIER LPAR • args_opt RPAR
   87                  | IDENTIFIER LPAR • error RPAR

    error       shift, and go to state 103
    IDENTIFIER  shift, and go to state 67
    NATURAL     shift, and go to state 68
    DECIMAL     shift, and go to state 69
    BOOLLIT     shift, and go to state 70
    PARSEINT    shift, and go to state 45
    PLUS        shift, and go to state 71
    MINUS       shift, and go to state 72
    NOT         shift, and go to state 73
    LPAR        shift, and go to state 74

    RPAR  reduce using rule 88 (args_opt)

    expr               go to state 104
    assign_expr        go to state 77
    or_expr            go to state 78
    and_expr           go to state 79
    xor_expr           go to state 80
    eq_expr            go to state 81
    rel_expr           go to state 82
    shift_expr         go to state 83
    add_expr           go to state 84
    mul_expr           go to state 85
    unary_expr         go to state 86
    primary_expr       go to state 87
    method_invocation  go to state 88
    args_opt           go to state 105
    expr_list          go to state 106
    parse_args         go to state 89


State 65

   30 stmt: IF LPAR • expr RPAR stmt
   31     | IF LPAR • expr RPAR stmt ELSE stmt
   32     | IF LPAR • expr error stmt
   33     | IF LPAR • expr error stmt ELSE stmt

    IDENTIFIER  shift, and go to state 67
    NATURAL     shift, and go to state 68
    DECIMAL     shift, and go to state 69
    BOOLLIT     shift, and go to state 70
    PARSEINT    shift, and go to state 45
    PLUS        shift, and go to state 71
    MINUS       shift, and go to state 72
    NOT         shift, and go to state 73
    LPAR        shift, and go to state 74

    expr               go to state 107
    assign_expr        go to state 77
    or_expr            go to state 78
    and_expr           go to state 79
    xor_expr           go to state 80
    eq_expr            go to state 81
    rel_expr           go to state 82
    shift_expr         go to state 83
    add_expr           go to state 84
    mul_expr           go to state 85
    unary_expr         go to state 86
    primary_expr       go to state 87
    method_invocation  go to state 88
    parse_args         go to state 89


State 66

   34 stmt: WHILE LPAR • expr RPAR stmt

    IDENTIFIER  shift, and go to state 67
    NATURAL     shift, and go to state 68
    DECIMAL     shift, and go to state 69
    BOOLLIT     shift, and go to state 70
    PARSEINT    shift, and go to state 45
    PLUS        shift, and go to state 71
    MINUS       shift, and go to state 72
    NOT         shift, and go to state 73
    LPAR        shift, and go to state 74

    expr               go to state 108
    assign_expr        go to state 77
    or_expr            go to state 78
    and_expr           go to state 79
    xor_expr           go to state 80
    eq_expr            go to state 81
    rel_expr           go to state 82
    shift_expr         go to state 83
    add_expr           go to state 84
    mul_expr           go to state 85
    unary_expr         go to state 86
    primary_expr       go to state 87
    method_invocation  go to state 88
    parse_args         go to state 89


State 67

   47 assign_expr: IDENTIFIER • ASSIGN assign_expr
   77 primary_expr: IDENTIFIER •
   78             | IDENTIFIER • DOTLENGTH
   86 method_invocation: IDENTIFIER • LPAR args_opt RPAR
   87                  | IDENTIFIER • LPAR error RPAR

    DOTLENGTH  shift, and go to state 109
    ASSIGN     shift, and go to state 110
    LPAR       shift, and go to state 64

    $default  reduce using rule 77 (primary_expr)


State 68

   79 primary_expr: NATURAL •

    $default  reduce using rule 79 (primary_expr)


State 69

   80 primary_expr: DECIMAL •

    $default  reduce using rule 80 (primary_expr)


State 70

   81 primary_expr: BOOLLIT •

    $default  reduce using rule 81 (primary_expr)


State 71

   75 unary_expr: PLUS • unary_expr

    IDENTIFIER  shift, and go to state 111
    NATURAL     shift, and go to state 68
    DECIMAL     shift, and go to state 69
    BOOLLIT     shift, and go to state 70
    PARSEINT    shift, and go to state 45
    PLUS        shift, and go to state 71
    MINUS       shift, and go to state 72
    NOT         shift, and go to state 73
    LPAR        shift, and go to state 74

    unary_expr         go to state 112
    primary_expr       go to state 87
    method_invocation  go to state 88
    parse_args         go to state 89


State 72

   74 unary_expr: MINUS • unary_expr

    IDENTIFIER  shift, and go to state 111
    NATURAL     shift, and go to state 68
    DECIMAL     shift, and go to state 69
    BOOLLIT     shift, and go to state 70
    PARSEINT    shift, and go to state 45
    PLUS        shift, and go to state 71
    MINUS       shift, and go to state 72
    NOT         shift, and go to state 73
    LPAR        shift, and go to state 74

    unary_expr         go to state 113
    primary_expr       go to state 87
    method_invocation  go to state 88
    parse_args         go to state 89


State 73

   73 unary_expr: NOT • unary_expr

    IDENTIFIER  shift, and go to state 111
    NATURAL     shift, and go to state 68
    DECIMAL     shift, and go to state 69
    BOOLLIT     shift, and go to state 70
    PARSEINT    shift, and go to state 45
    PLUS        shift, and go to state 71
    MINUS       shift, and go to state 72
    NOT         shift, and go to state 73
    LPAR        shift, and go to state 74

    unary_expr         go to state 114
    primary_expr       go to state 87
    method_invocation  go to state 88
    parse_args         go to state 89


State 74

   84 primary_expr: LPAR • expr RPAR
   85             | LPAR • error RPAR

    error       shift, and go to state 115
    IDENTIFIER  shift, and go to state 67
    NATURAL     shift, and go to state 68
    DECIMAL     shift, and go to state 69
    BOOLLIT     shift, and go to state 70
    PARSEINT    shift, and go to state 45
    PLUS        shift, and go to state 71
    MINUS       shift, and go to state 72
    NOT         shift, and go to state 73
    LPAR        shift, and go to state 74

    expr               go to state 116
    assign_expr        go to state 77
    or_expr            go to state 78
    and_expr           go to state 79
    xor_expr           go to state 80
    eq_expr            go to state 81
    rel_expr           go to state 82
    shift_expr         go to state 83
    add_expr           go to state 84
    mul_expr           go to state 85
    unary_expr         go to state 86
    primary_expr       go to state 87
    method_invocation  go to state 88
    parse_args         go to state 89


State 75

   36 stmt: RETURN SEMICOLON •

    $default  reduce using rule 36 (stmt)


State 76

   35 stmt: RETURN expr • SEMICOLON

    SEMICOLON  shift, and go to state 117


State 77

   46 expr: assign_expr •

    $default  reduce using rule 46 (expr)


State 78

   48 assign_expr: or_expr •
   49 or_expr: or_expr • OR and_expr

    OR  shift, and go to state 118

    $default  reduce using rule 48 (assign_expr)


State 79

   50 or_expr: and_expr •
   51 and_expr: and_expr • AND xor_expr

    AND  shift, and go to state 119

    $default  reduce using rule 50 (or_expr)


State 80

   52 and_expr: xor_expr •
   53 xor_expr: xor_expr • XOR eq_expr

    XOR  shift, and go to state 120

    $default  reduce using rule 52 (and_expr)


State 81

   54 xor_expr: eq_expr •
   55 eq_expr: eq_expr • EQ rel_expr
   56        | eq_expr • NE rel_expr

    EQ  shift, and go to state 121
    NE  shift, and go to state 122

    $default  reduce using rule 54 (xor_expr)


State 82

   57 eq_expr: rel_expr •
   58 rel_expr: rel_expr • LT shift_expr
   59         | rel_expr • GT shift_expr
   60         | rel_expr • LE shift_expr
   61         | rel_expr • GE shift_expr

    LT  shift, and go to state 123
    GT  shift, and go to state 124
    LE  shift, and go to state 125
    GE  shift, and go to state 126

    $default  reduce using rule 57 (eq_expr)


State 83

   62 rel_expr: shift_expr •
   63 shift_expr: shift_expr • LSHIFT add_expr
   64           | shift_expr • RSHIFT add_expr

    LSHIFT  shift, and go to state 127
    RSHIFT  shift, and go to state 128

    $default  reduce using rule 62 (rel_expr)


State 84

   65 shift_expr: add_expr •
   66 add_expr: add_expr • PLUS mul_expr
   67         | add_expr • MINUS mul_expr

    PLUS   shift, and go to state 129
    MINUS  shift, and go to state 130

    $default  reduce using rule 65 (shift_expr)


State 85

   68 add_expr: mul_expr •
   69 mul_expr: mul_expr • STAR unary_expr
   70         | mul_expr • DIV unary_expr
   71         | mul_expr • MOD unary_expr

    STAR  shift, and go to state 131
    DIV   shift, and go to state 132
    MOD   shift, and go to state 133

    $default  reduce using rule 68 (add_expr)


State 86

   72 mul_expr: unary_expr •

    $default  reduce using rule 72 (mul_expr)


State 87

   76 unary_expr: primary_expr •

    $default  reduce using rule 76 (unary_expr)


State 88

   82 primary_expr: method_invocation •

    $default  reduce using rule 82 (primary_expr)


State 89

   83 primary_expr: parse_args •

    $default  reduce using rule 83 (primary_expr)


State 90

   38 stmt: PRINT LPAR • expr RPAR SEMICOLON
   39     | PRINT LPAR • STRLIT RPAR SEMICOLON

    IDENTIFIER  shift, and go to state 67
    NATURAL     shift, and go to state 68
    DECIMAL     shift, and go to state 69
    STRLIT      shift, and go to state 134
    BOOLLIT     shift, and go to state 70
    PARSEINT    shift, and go to state 45
    PLUS        shift, and go to state 71
    MINUS       shift, and go to state 72
    NOT         shift, and go to state 73
    LPAR        shift, and go to state 74

    expr               go to state 135
    assign_expr        go to state 77
    or_expr            go to state 78
    and_expr           go to state 79
    xor_expr           go to state 80
    eq_expr            go to state 81
    rel_expr           go to state 82
    shift_expr         go to state 83
    add_expr           go to state 84
    mul_expr           go to state 85
    unary_expr         go to state 86
    primary_expr       go to state 87
    method_invocation  go to state 88
    parse_args         go to state 89


State 91

   92 parse_args: PARSEINT LPAR • IDENTIFIER LSQ expr RSQ RPAR

    IDENTIFIER  shift, and go to state 136


State 92

   29 stmt: LBRACE stmt_list • RBRACE
   45 stmt_list: stmt_list • stmt

    error       shift, and go to state 39
    IDENTIFIER  shift, and go to state 40
    IF          shift, and go to state 41
    WHILE       shift, and go to state 42
    RETURN      shift, and go to state 43
    PRINT       shift, and go to state 44
    PARSEINT    shift, and go to state 45
    LBRACE      shift, and go to state 46
    RBRACE      shift, and go to state 137
    SEMICOLON   shift, and go to state 48

    stmt               go to state 138
    method_invocation  go to state 51
    parse_args         go to state 52


State 93

   40 stmt: method_invocation SEMICOLON •

    $default  reduce using rule 40 (stmt)


State 94

   41 stmt: parse_args SEMICOLON •

    $default  reduce using rule 41 (stmt)


State 95

   27 var_ids: IDENTIFIER •

    $default  reduce using rule 27 (var_ids)


State 96

   26 var_decl: type var_ids • SEMICOLON
   28 var_ids: var_ids • COMMA IDENTIFIER

    SEMICOLON  shift, and go to state 139
    COMMA      shift, and go to state 140


State 97

   11 method_decl: PUBLIC STATIC type IDENTIFIER LPAR error RPAR • method_body

    LBRACE  shift, and go to state 22

    method_body  go to state 141


State 98

   13 method_header: type IDENTIFIER LPAR formal_params RPAR •

    $default  reduce using rule 13 (method_header)


State 99

   12 method_decl: PUBLIC STATIC VOID IDENTIFIER LPAR error RPAR method_body •

    $default  reduce using rule 12 (method_decl)


State 100

   20 param_decl: STRING LSQ RSQ • IDENTIFIER

    IDENTIFIER  shift, and go to state 142


State 101

   18 param_list: param_list COMMA param_decl •

    $default  reduce using rule 18 (param_list)


State 102

   37 stmt: IDENTIFIER ASSIGN expr • SEMICOLON

    SEMICOLON  shift, and go to state 143


State 103

   87 method_invocation: IDENTIFIER LPAR error • RPAR

    RPAR  shift, and go to state 144


State 104

   90 expr_list: expr •

    $default  reduce using rule 90 (expr_list)


State 105

   86 method_invocation: IDENTIFIER LPAR args_opt • RPAR

    RPAR  shift, and go to state 145


State 106

   89 args_opt: expr_list •
   91 expr_list: expr_list • COMMA expr

    COMMA  shift, and go to state 146

    $default  reduce using rule 89 (args_opt)


State 107

   30 stmt: IF LPAR expr • RPAR stmt
   31     | IF LPAR expr • RPAR stmt ELSE stmt
   32     | IF LPAR expr • error stmt
   33     | IF LPAR expr • error stmt ELSE stmt

    error  shift, and go to state 147
    RPAR   shift, and go to state 148


State 108

   34 stmt: WHILE LPAR expr • RPAR stmt

    RPAR  shift, and go to state 149


State 109

   78 primary_expr: IDENTIFIER DOTLENGTH •

    $default  reduce using rule 78 (primary_expr)


State 110

   47 assign_expr: IDENTIFIER ASSIGN • assign_expr

    IDENTIFIER  shift, and go to state 67
    NATURAL     shift, and go to state 68
    DECIMAL     shift, and go to state 69
    BOOLLIT     shift, and go to state 70
    PARSEINT    shift, and go to state 45
    PLUS        shift, and go to state 71
    MINUS       shift, and go to state 72
    NOT         shift, and go to state 73
    LPAR        shift, and go to state 74

    assign_expr        go to state 150
    or_expr            go to state 78
    and_expr           go to state 79
    xor_expr           go to state 80
    eq_expr            go to state 81
    rel_expr           go to state 82
    shift_expr         go to state 83
    add_expr           go to state 84
    mul_expr           go to state 85
    unary_expr         go to state 86
    primary_expr       go to state 87
    method_invocation  go to state 88
    parse_args         go to state 89


State 111

   77 primary_expr: IDENTIFIER •
   78             | IDENTIFIER • DOTLENGTH
   86 method_invocation: IDENTIFIER • LPAR args_opt RPAR
   87                  | IDENTIFIER • LPAR error RPAR

    DOTLENGTH  shift, and go to state 109
    LPAR       shift, and go to state 64

    $default  reduce using rule 77 (primary_expr)


State 112

   75 unary_expr: PLUS unary_expr •

    $default  reduce using rule 75 (unary_expr)


State 113

   74 unary_expr: MINUS unary_expr •

    $default  reduce using rule 74 (unary_expr)


State 114

   73 unary_expr: NOT unary_expr •

    $default  reduce using rule 73 (unary_expr)


State 115

   85 primary_expr: LPAR error • RPAR

    RPAR  shift, and go to state 151


State 116

   84 primary_expr: LPAR expr • RPAR

    RPAR  shift, and go to state 152


State 117

   35 stmt: RETURN expr SEMICOLON •

    $default  reduce using rule 35 (stmt)


State 118

   49 or_expr: or_expr OR • and_expr

    IDENTIFIER  shift, and go to state 111
    NATURAL     shift, and go to state 68
    DECIMAL     shift, and go to state 69
    BOOLLIT     shift, and go to state 70
    PARSEINT    shift, and go to state 45
    PLUS        shift, and go to state 71
    MINUS       shift, and go to state 72
    NOT         shift, and go to state 73
    LPAR        shift, and go to state 74

    and_expr           go to state 153
    xor_expr           go to state 80
    eq_expr            go to state 81
    rel_expr           go to state 82
    shift_expr         go to state 83
    add_expr           go to state 84
    mul_expr           go to state 85
    unary_expr         go to state 86
    primary_expr       go to state 87
    method_invocation  go to state 88
    parse_args         go to state 89


State 119

   51 and_expr: and_expr AND • xor_expr

    IDENTIFIER  shift, and go to state 111
    NATURAL     shift, and go to state 68
    DECIMAL     shift, and go to state 69
    BOOLLIT     shift, and go to state 70
    PARSEINT    shift, and go to state 45
    PLUS        shift, and go to state 71
    MINUS       shift, and go to state 72
    NOT         shift, and go to state 73
    LPAR        shift, and go to state 74

    xor_expr           go to state 154
    eq_expr            go to state 81
    rel_expr           go to state 82
    shift_expr         go to state 83
    add_expr           go to state 84
    mul_expr           go to state 85
    unary_expr         go to state 86
    primary_expr       go to state 87
    method_invocation  go to state 88
    parse_args         go to state 89


State 120

   53 xor_expr: xor_expr XOR • eq_expr

    IDENTIFIER  shift, and go to state 111
    NATURAL     shift, and go to state 68
    DECIMAL     shift, and go to state 69
    BOOLLIT     shift, and go to state 70
    PARSEINT    shift, and go to state 45
    PLUS        shift, and go to state 71
    MINUS       shift, and go to state 72
    NOT         shift, and go to state 73
    LPAR        shift, and go to state 74

    eq_expr            go to state 155
    rel_expr           go to state 82
    shift_expr         go to state 83
    add_expr           go to state 84
    mul_expr           go to state 85
    unary_expr         go to state 86
    primary_expr       go to state 87
    method_invocation  go to state 88
    parse_args         go to state 89


State 121

   55 eq_expr: eq_expr EQ • rel_expr

    IDENTIFIER  shift, and go to state 111
    NATURAL     shift, and go to state 68
    DECIMAL     shift, and go to state 69
    BOOLLIT     shift, and go to state 70
    PARSEINT    shift, and go to state 45
    PLUS        shift, and go to state 71
    MINUS       shift, and go to state 72
    NOT         shift, and go to state 73
    LPAR        shift, and go to state 74

    rel_expr           go to state 156
    shift_expr         go to state 83
    add_expr           go to state 84
    mul_expr           go to state 85
    unary_expr         go to state 86
    primary_expr       go to state 87
    method_invocation  go to state 88
    parse_args         go to state 89


State 122

   56 eq_expr: eq_expr NE • rel_expr

    IDENTIFIER  shift, and go to state 111
    NATURAL     shift, and go to state 68
    DECIMAL     shift, and go to state 69
    BOOLLIT     shift, and go to state 70
    PARSEINT    shift, and go to state 45
    PLUS        shift, and go to state 71
    MINUS       shift, and go to state 72
    NOT         shift, and go to state 73
    LPAR        shift, and go to state 74

    rel_expr           go to state 157
    shift_expr         go to state 83
    add_expr           go to state 84
    mul_expr           go to state 85
    unary_expr         go to state 86
    primary_expr       go to state 87
    method_invocation  go to state 88
    parse_args         go to state 89


State 123

   58 rel_expr: rel_expr LT • shift_expr

    IDENTIFIER  shift, and go to state 111
    NATURAL     shift, and go to state 68
    DECIMAL     shift, and go to state 69
    BOOLLIT     shift, and go to state 70
    PARSEINT    shift, and go to state 45
    PLUS        shift, and go to state 71
    MINUS       shift, and go to state 72
    NOT         shift, and go to state 73
    LPAR        shift, and go to state 74

    shift_expr         go to state 158
    add_expr           go to state 84
    mul_expr           go to state 85
    unary_expr         go to state 86
    primary_expr       go to state 87
    method_invocation  go to state 88
    parse_args         go to state 89


State 124

   59 rel_expr: rel_expr GT • shift_expr

    IDENTIFIER  shift, and go to state 111
    NATURAL     shift, and go to state 68
    DECIMAL     shift, and go to state 69
    BOOLLIT     shift, and go to state 70
    PARSEINT    shift, and go to state 45
    PLUS        shift, and go to state 71
    MINUS       shift, and go to state 72
    NOT         shift, and go to state 73
    LPAR        shift, and go to state 74

    shift_expr         go to state 159
    add_expr           go to state 84
    mul_expr           go to state 85
    unary_expr         go to state 86
    primary_expr       go to state 87
    method_invocation  go to state 88
    parse_args         go to state 89


State 125

   60 rel_expr: rel_expr LE • shift_expr

    IDENTIFIER  shift, and go to state 111
    NATURAL     shift, and go to state 68
    DECIMAL     shift, and go to state 69
    BOOLLIT     shift, and go to state 70
    PARSEINT    shift, and go to state 45
    PLUS        shift, and go to state 71
    MINUS       shift, and go to state 72
    NOT         shift, and go to state 73
    LPAR        shift, and go to state 74

    shift_expr         go to state 160
    add_expr           go to state 84
    mul_expr           go to state 85
    unary_expr         go to state 86
    primary_expr       go to state 87
    method_invocation  go to state 88
    parse_args         go to state 89


State 126

   61 rel_expr: rel_expr GE • shift_expr

    IDENTIFIER  shift, and go to state 111
    NATURAL     shift, and go to state 68
    DECIMAL     shift, and go to state 69
    BOOLLIT     shift, and go to state 70
    PARSEINT    shift, and go to state 45
    PLUS        shift, and go to state 71
    MINUS       shift, and go to state 72
    NOT         shift, and go to state 73
    LPAR        shift, and go to state 74

    shift_expr         go to state 161
    add_expr           go to state 84
    mul_expr           go to state 85
    unary_expr         go to state 86
    primary_expr       go to state 87
    method_invocation  go to state 88
    parse_args         go to state 89


State 127

   63 shift_expr: shift_expr LSHIFT • add_expr

    IDENTIFIER  shift, and go to state 111
    NATURAL     shift, and go to state 68
    DECIMAL     shift, and go to state 69
    BOOLLIT     shift, and go to state 70
    PARSEINT    shift, and go to state 45
    PLUS        shift, and go to state 71
    MINUS       shift, and go to state 72
    NOT         shift, and go to state 73
    LPAR        shift, and go to state 74

    add_expr           go to state 162
    mul_expr           go to state 85
    unary_expr         go to state 86
    primary_expr       go to state 87
    method_invocation  go to state 88
    parse_args         go to state 89


State 128

   64 shift_expr: shift_expr RSHIFT • add_expr

    IDENTIFIER  shift, and go to state 111
    NATURAL     shift, and go to state 68
    DECIMAL     shift, and go to state 69
    BOOLLIT     shift, and go to state 70
    PARSEINT    shift, and go to state 45
    PLUS        shift, and go to state 71
    MINUS       shift, and go to state 72
    NOT         shift, and go to state 73
    LPAR        shift, and go to state 74

    add_expr           go to state 163
    mul_expr           go to state 85
    unary_expr         go to state 86
    primary_expr       go to state 87
    method_invocation  go to state 88
    parse_args         go to state 89


State 129

   66 add_expr: add_expr PLUS • mul_expr

    IDENTIFIER  shift, and go to state 111
    NATURAL     shift, and go to state 68
    DECIMAL     shift, and go to state 69
    BOOLLIT     shift, and go to state 70
    PARSEINT    shift, and go to state 45
    PLUS        shift, and go to state 71
    MINUS       shift, and go to state 72
    NOT         shift, and go to state 73
    LPAR        shift, and go to state 74

    mul_expr           go to state 164
    unary_expr         go to state 86
    primary_expr       go to state 87
    method_invocation  go to state 88
    parse_args         go to state 89


State 130

   67 add_expr: add_expr MINUS • mul_expr

    IDENTIFIER  shift, and go to state 111
    NATURAL     shift, and go to state 68
    DECIMAL     shift, and go to state 69
    BOOLLIT     shift, and go to state 70
    PARSEINT    shift, and go to state 45
    PLUS        shift, and go to state 71
    MINUS       shift, and go to state 72
    NOT         shift, and go to state 73
    LPAR        shift, and go to state 74

    mul_expr           go to state 165
    unary_expr         go to state 86
    primary_expr       go to state 87
    method_invocation  go to state 88
    parse_args         go to state 89


State 131

   69 mul_expr: mul_expr STAR • unary_expr

    IDENTIFIER  shift, and go to state 111
    NATURAL     shift, and go to state 68
    DECIMAL     shift, and go to state 69
    BOOLLIT     shift, and go to state 70
    PARSEINT    shift, and go to state 45
    PLUS        shift, and go to state 71
    MINUS       shift, and go to state 72
    NOT         shift, and go to state 73
    LPAR        shift, and go to state 74

    unary_expr         go to state 166
    primary_expr       go to state 87
    method_invocation  go to state 88
    parse_args         go to state 89


State 132

   70 mul_expr: mul_expr DIV • unary_expr

    IDENTIFIER  shift, and go to state 111
    NATURAL     shift, and go to state 68
    DECIMAL     shift, and go to state 69
    BOOLLIT     shift, and go to state 70
    PARSEINT    shift, and go to state 45
    PLUS        shift, and go to state 71
    MINUS       shift, and go to state 72
    NOT         shift, and go to state 73
    LPAR        shift, and go to state 74

    unary_expr         go to state 167
    primary_expr       go to state 87
    method_invocation  go to state 88
    parse_args         go to state 89


State 133

   71 mul_expr: mul_expr MOD • unary_expr

    IDENTIFIER  shift, and go to state 111
    NATURAL     shift, and go to state 68
    DECIMAL     shift, and go to state 69
    BOOLLIT     shift, and go to state 70
    PARSEINT    shift, and go to state 45
    PLUS        shift, and go to state 71
    MINUS       shift, and go to state 72
    NOT         shift, and go to state 73
    LPAR        shift, and go to state 74

    unary_expr         go to state 168
    primary_expr       go to state 87
    method_invocation  go to state 88
    parse_args         go to state 89


State 134

   39 stmt: PRINT LPAR STRLIT • RPAR SEMICOLON

    RPAR  shift, and go to state 169


State 135

   38 stmt: PRINT LPAR expr • RPAR SEMICOLON

    RPAR  shift, and go to state 170


State 136

   92 parse_args: PARSEINT LPAR IDENTIFIER • LSQ expr RSQ RPAR

    LSQ  shift, and go to state 171


State 137

   29 stmt: LBRACE stmt_list RBRACE •

    $default  reduce using rule 29 (stmt)


State 138

   45 stmt_list: stmt_list stmt •

    $default  reduce using rule 45 (stmt_list)


State 139

   26 var_decl: type var_ids SEMICOLON •

    $default  reduce using rule 26 (var_decl)


State 140

   28 var_ids: var_ids COMMA • IDENTIFIER

    IDENTIFIER  shift, and go to state 172


State 141

   11 method_decl: PUBLIC STATIC type IDENTIFIER LPAR error RPAR method_body •

    $default  reduce using rule 11 (method_decl)


State 142

   20 param_decl: STRING LSQ RSQ IDENTIFIER •

    $default  reduce using rule 20 (param_decl)


State 143

   37 stmt: IDENTIFIER ASSIGN expr SEMICOLON •

    $default  reduce using rule 37 (stmt)


State 144

   87 method_invocation: IDENTIFIER LPAR error RPAR •

    $default  reduce using rule 87 (method_invocation)


State 145

   86 method_invocation: IDENTIFIER LPAR args_opt RPAR •

    $default  reduce using rule 86 (method_invocation)


State 146

   91 expr_list: expr_list COMMA • expr

    IDENTIFIER  shift, and go to state 67
    NATURAL     shift, and go to state 68
    DECIMAL     shift, and go to state 69
    BOOLLIT     shift, and go to state 70
    PARSEINT    shift, and go to state 45
    PLUS        shift, and go to state 71
    MINUS       shift, and go to state 72
    NOT         shift, and go to state 73
    LPAR        shift, and go to state 74

    expr               go to state 173
    assign_expr        go to state 77
    or_expr            go to state 78
    and_expr           go to state 79
    xor_expr           go to state 80
    eq_expr            go to state 81
    rel_expr           go to state 82
    shift_expr         go to state 83
    add_expr           go to state 84
    mul_expr           go to state 85
    unary_expr         go to state 86
    primary_expr       go to state 87
    method_invocation  go to state 88
    parse_args         go to state 89


State 147

   32 stmt: IF LPAR expr error • stmt
   33     | IF LPAR expr error • stmt ELSE stmt

    error       shift, and go to state 39
    IDENTIFIER  shift, and go to state 40
    IF          shift, and go to state 41
    WHILE       shift, and go to state 42
    RETURN      shift, and go to state 43
    PRINT       shift, and go to state 44
    PARSEINT    shift, and go to state 45
    LBRACE      shift, and go to state 46
    SEMICOLON   shift, and go to state 48

    stmt               go to state 174
    method_invocation  go to state 51
    parse_args         go to state 52


State 148

   30 stmt: IF LPAR expr RPAR • stmt
   31     | IF LPAR expr RPAR • stmt ELSE stmt

    error       shift, and go to state 39
    IDENTIFIER  shift, and go to state 40
    IF          shift, and go to state 41
    WHILE       shift, and go to state 42
    RETURN      shift, and go to state 43
    PRINT       shift, and go to state 44
    PARSEINT    shift, and go to state 45
    LBRACE      shift, and go to state 46
    SEMICOLON   shift, and go to state 48

    stmt               go to state 175
    method_invocation  go to state 51
    parse_args         go to state 52


State 149

   34 stmt: WHILE LPAR expr RPAR • stmt

    error       shift, and go to state 39
    IDENTIFIER  shift, and go to state 40
    IF          shift, and go to state 41
    WHILE       shift, and go to state 42
    RETURN      shift, and go to state 43
    PRINT       shift, and go to state 44
    PARSEINT    shift, and go to state 45
    LBRACE      shift, and go to state 46
    SEMICOLON   shift, and go to state 48

    stmt               go to state 176
    method_invocation  go to state 51
    parse_args         go to state 52


State 150

   47 assign_expr: IDENTIFIER ASSIGN assign_expr •

    $default  reduce using rule 47 (assign_expr)


State 151

   85 primary_expr: LPAR error RPAR •

    $default  reduce using rule 85 (primary_expr)


State 152

   84 primary_expr: LPAR expr RPAR •

    $default  reduce using rule 84 (primary_expr)


State 153

   49 or_expr: or_expr OR and_expr •
   51 and_expr: and_expr • AND xor_expr

    AND  shift, and go to state 119

    $default  reduce using rule 49 (or_expr)


State 154

   51 and_expr: and_expr AND xor_expr •
   53 xor_expr: xor_expr • XOR eq_expr

    XOR  shift, and go to state 120

    $default  reduce using rule 51 (and_expr)


State 155

   53 xor_expr: xor_expr XOR eq_expr •
   55 eq_expr: eq_expr • EQ rel_expr
   56        | eq_expr • NE rel_expr

    EQ  shift, and go to state 121
    NE  shift, and go to state 122

    $default  reduce using rule 53 (xor_expr)


State 156

   55 eq_expr: eq_expr EQ rel_expr •
   58 rel_expr: rel_expr • LT shift_expr
   59         | rel_expr • GT shift_expr
   60         | rel_expr • LE shift_expr
   61         | rel_expr • GE shift_expr

    LT  shift, and go to state 123
    GT  shift, and go to state 124
    LE  shift, and go to state 125
    GE  shift, and go to state 126

    $default  reduce using rule 55 (eq_expr)


State 157

   56 eq_expr: eq_expr NE rel_expr •
   58 rel_expr: rel_expr • LT shift_expr
   59         | rel_expr • GT shift_expr
   60         | rel_expr • LE shift_expr
   61         | rel_expr • GE shift_expr

    LT  shift, and go to state 123
    GT  shift, and go to state 124
    LE  shift, and go to state 125
    GE  shift, and go to state 126

    $default  reduce using rule 56 (eq_expr)


State 158

   58 rel_expr: rel_expr LT shift_expr •
   63 shift_expr: shift_expr • LSHIFT add_expr
   64           | shift_expr • RSHIFT add_expr

    LSHIFT  shift, and go to state 127
    RSHIFT  shift, and go to state 128

    $default  reduce using rule 58 (rel_expr)


State 159

   59 rel_expr: rel_expr GT shift_expr •
   63 shift_expr: shift_expr • LSHIFT add_expr
   64           | shift_expr • RSHIFT add_expr

    LSHIFT  shift, and go to state 127
    RSHIFT  shift, and go to state 128

    $default  reduce using rule 59 (rel_expr)


State 160

   60 rel_expr: rel_expr LE shift_expr •
   63 shift_expr: shift_expr • LSHIFT add_expr
   64           | shift_expr • RSHIFT add_expr

    LSHIFT  shift, and go to state 127
    RSHIFT  shift, and go to state 128

    $default  reduce using rule 60 (rel_expr)


State 161

   61 rel_expr: rel_expr GE shift_expr •
   63 shift_expr: shift_expr • LSHIFT add_expr
   64           | shift_expr • RSHIFT add_expr

    LSHIFT  shift, and go to state 127
    RSHIFT  shift, and go to state 128

    $default  reduce using rule 61 (rel_expr)


State 162

   63 shift_expr: shift_expr LSHIFT add_expr •
   66 add_expr: add_expr • PLUS mul_expr
   67         | add_expr • MINUS mul_expr

    PLUS   shift, and go to state 129
    MINUS  shift, and go to state 130

    $default  reduce using rule 63 (shift_expr)


State 163

   64 shift_expr: shift_expr RSHIFT add_expr •
   66 add_expr: add_expr • PLUS mul_expr
   67         | add_expr • MINUS mul_expr

    PLUS   shift, and go to state 129
    MINUS  shift, and go to state 130

    $default  reduce using rule 64 (shift_expr)


State 164

   66 add_expr: add_expr PLUS mul_expr •
   69 mul_expr: mul_expr • STAR unary_expr
   70         | mul_expr • DIV unary_expr
   71         | mul_expr • MOD unary_expr

    STAR  shift, and go to state 131
    DIV   shift, and go to state 132
    MOD   shift, and go to state 133

    $default  reduce using rule 66 (add_expr)


State 165

   67 add_expr: add_expr MINUS mul_expr •
   69 mul_expr: mul_expr • STAR unary_expr
   70         | mul_expr • DIV unary_expr
   71         | mul_expr • MOD unary_expr

    STAR  shift, and go to state 131
    DIV   shift, and go to state 132
    MOD   shift, and go to state 133

    $default  reduce using rule 67 (add_expr)


State 166

   69 mul_expr: mul_expr STAR unary_expr •

    $default  reduce using rule 69 (mul_expr)


State 167

   70 mul_expr: mul_expr DIV unary_expr •

    $default  reduce using rule 70 (mul_expr)


State 168

   71 mul_expr: mul_expr MOD unary_expr •

    $default  reduce using rule 71 (mul_expr)


State 169

   39 stmt: PRINT LPAR STRLIT RPAR • SEMICOLON

    SEMICOLON  shift, and go to state 177


State 170

   38 stmt: PRINT LPAR expr RPAR • SEMICOLON

    SEMICOLON  shift, and go to state 178


State 171

   92 parse_args: PARSEINT LPAR IDENTIFIER LSQ • expr RSQ RPAR

    IDENTIFIER  shift, and go to state 67
    NATURAL     shift, and go to state 68
    DECIMAL     shift, and go to state 69
    BOOLLIT     shift, and go to state 70
    PARSEINT    shift, and go to state 45
    PLUS        shift, and go to state 71
    MINUS       shift, and go to state 72
    NOT         shift, and go to state 73
    LPAR        shift, and go to state 74

    expr               go to state 179
    assign_expr        go to state 77
    or_expr            go to state 78
    and_expr           go to state 79
    xor_expr           go to state 80
    eq_expr            go to state 81
    rel_expr           go to state 82
    shift_expr         go to state 83
    add_expr           go to state 84
    mul_expr           go to state 85
    unary_expr         go to state 86
    primary_expr       go to state 87
    method_invocation  go to state 88
    parse_args         go to state 89


State 172

   28 var_ids: var_ids COMMA IDENTIFIER •

    $default  reduce using rule 28 (var_ids)


State 173

   91 expr_list: expr_list COMMA expr •

    $default  reduce using rule 91 (expr_list)


State 174

   32 stmt: IF LPAR expr error stmt •
   33     | IF LPAR expr error stmt • ELSE stmt

    ELSE  shift, and go to state 180

    $default  reduce using rule 32 (stmt)


State 175

   30 stmt: IF LPAR expr RPAR stmt •
   31     | IF LPAR expr RPAR stmt • ELSE stmt

    ELSE  shift, and go to state 181

    $default  reduce using rule 30 (stmt)


State 176

   34 stmt: WHILE LPAR expr RPAR stmt •

    $default  reduce using rule 34 (stmt)


State 177

   39 stmt: PRINT LPAR STRLIT RPAR SEMICOLON •

    $default  reduce using rule 39 (stmt)


State 178

   38 stmt: PRINT LPAR expr RPAR SEMICOLON •

    $default  reduce using rule 38 (stmt)


State 179

   92 parse_args: PARSEINT LPAR IDENTIFIER LSQ expr • RSQ RPAR

    RSQ  shift, and go to state 182


State 180

   33 stmt: IF LPAR expr error stmt ELSE • stmt

    error       shift, and go to state 39
    IDENTIFIER  shift, and go to state 40
    IF          shift, and go to state 41
    WHILE       shift, and go to state 42
    RETURN      shift, and go to state 43
    PRINT       shift, and go to state 44
    PARSEINT    shift, and go to state 45
    LBRACE      shift, and go to state 46
    SEMICOLON   shift, and go to state 48

    stmt               go to state 183
    method_invocation  go to state 51
    parse_args         go to state 52


State 181

   31 stmt: IF LPAR expr RPAR stmt ELSE • stmt

    error       shift, and go to state 39
    IDENTIFIER  shift, and go to state 40
    IF          shift, and go to state 41
    WHILE       shift, and go to state 42
    RETURN      shift, and go to state 43
    PRINT       shift, and go to state 44
    PARSEINT    shift, and go to state 45
    LBRACE      shift, and go to state 46
    SEMICOLON   shift, and go to state 48

    stmt               go to state 184
    method_invocation  go to state 51
    parse_args         go to state 52


State 182

   92 parse_args: PARSEINT LPAR IDENTIFIER LSQ expr RSQ • RPAR

    RPAR  shift, and go to state 185


State 183

   33 stmt: IF LPAR expr error stmt ELSE stmt •

    $default  reduce using rule 33 (stmt)


State 184

   31 stmt: IF LPAR expr RPAR stmt ELSE stmt •

    $default  reduce using rule 31 (stmt)


State 185

   92 parse_args: PARSEINT LPAR IDENTIFIER LSQ expr RSQ RPAR •

    $default  reduce using rule 92 (parse_args)
